192.168.1.193 - - [13/Sep/2012:09:32:52 +0200] "GET /notesif/?logout HTTP/1.1" 302 - "http://intranet-if.insa-lyon.fr/notesif/saisie2007/" "Mozilla/5.0 (Windows NT 6.1) AppleWebKit/537.1 (KHTML, like Gecko) Chrome/21.0.1180.89 Safari/537.1"
192.168.1.193 - - [13/Sep/2012:09:40:00 +0200] "GET /notesif/?logout HTTP/1.1" 302 - "http://intranet-if.insa-lyon.fr/notesif/saisie2007/" "Mozilla/5.0 (Windows NT 6.1) AppleWebKit/537.1 (KHTML, like Gecko) Chrome/21.0.1180.89 Safari/537.1"
192.168.5.47 - - [17/Sep/2012:09:54:58 +0200] "GET /notesif/?logout HTTP/1.1" 302 - "http://intranet-if.insa-lyon.fr/notesif/saisie2007/api_notes/uploadNotesFromWeb.php?order=alphabetique&activite=5H8" "Mozilla/4.0 (compatible; MSIE 7.0; Windows NT 5.1; Trident/4.0; .NET CLR 3.0.04506.30; .NET CLR 1.1.4322; .NET CLR 2.0.50727; .NET CLR 3.0.4506.2152; .NET CLR 3.5.30729)"
192.168.5.47 - - [17/Sep/2012:16:35:37 +0200] "GET /notesif/?logout HTTP/1.1" 302 - "http://intranet-if.insa-lyon.fr/notesif/saisie2007/api_notes/uploadNotesFromWeb.php?order=alphabetique&activite=5H8" "Mozilla/4.0 (compatible; MSIE 7.0; Windows NT 5.1; Trident/4.0; .NET CLR 3.0.04506.30; .NET CLR 1.1.4322; .NET CLR 2.0.50727; .NET CLR 3.0.4506.2152; .NET CLR 3.5.30729)"
192.168.3.21 - - [18/Sep/2012:13:34:15 +0200] "GET /notesif/?logout HTTP/1.1" 302 - "http://intranet-if.insa-lyon.fr/notesif/saisie2007/" "Mozilla/5.0 (X11; Ubuntu; Linux i686; rv:15.0) Gecko/20100101 Firefox/15.0.1"
192.168.6.244 - - [18/Sep/2012:23:50:44 +0200] "GET /notesif/?logout HTTP/1.1" 302 - "http://intranet-if.insa-lyon.fr/notesif/saisie2007/api_notes/consultationAlphabetique.php?activite=5H8%20%20%20%20%20" "Mozilla/5.0 (compatible; MSIE 9.0; Windows NT 6.0; Trident/5.0)"
192.168.0.205 - - [23/Sep/2012:11:46:26 +0200] "GET /notesif/?logout HTTP/1.1" 302 - "http://intranet-if.insa-lyon.fr/notesif/saisie2007/index.php" "Mozilla/5.0 (compatible; MSIE 9.0; Windows NT 6.0; Trident/5.0)"
